<!DOCTYPE html>
<html lang="en">
<head>
    <meta charset="UTF-8">
    <meta name="viewport" content="width=device-width, initial-scale=1, shrink-to-fit=no">
    <title>Golden</title>
    
    <link rel="stylesheet" href="dist/libs/bootstrap/bootstrap.min.css">
    <link rel="stylesheet" href="dist/libs/font-awesome/css/font-awesome.min.css">
    <link rel="stylesheet" href="dist/css/reset.min.css">
    <link rel="stylesheet" href="dist/css/animations.min.css">
    <link rel="stylesheet" href="dist/css/main.min.css">
    
    <link rel="shortcut icon" href="ico.jpg" type="images/x-ico">
    
</head>
<body>
    
    <!-- Header -->
    <div class="animatedParent">
        <header class="header" id="home">
            <div class="fixedMenu">
                <div class="container">
                    <div class="row justify-content-between align-items-center">
                        <div class="col-auto">
                            <a href="index.html" class="logo"></a>
                        </div>
                        <div class="col-auto">
                            <div class="d-block d-md-none">
                                <div class="toggleSmallMenu">
                                    <i class="fa fa-bars" aria-hidden="true"></i>
                                    <i class="fa fa-times" aria-hidden="true"></i>
                                </div>
                            </div>
                            <nav class="navScroll menu d-none d-md-flex">
                                <a href="#home">HOME</a>
                                <a href="#services">SERVICES</a>
                                <a href="#portfolio">PORTFOLIO</a>
                                <a href="#aboutUs">ABOUT</a>
                                <a href="#contactUs">CONTACT</a>
                            </nav>
                        </div>
                    </div>
                    <div class="row">
                        <div class="col-12">
                            <nav class="navScroll smallMenu">
                                <a href="#home">HOME</a>
                                <a href="#services">SERVICES</a>
                                <a href="#portfolio">PORTFOLIO</a>
                                <a href="#aboutUs">ABOUT</a>
                                <a href="#contactUs">CONTACT</a>
                            </nav>
                        </div>
                    </div>
                </div>
            </div>
            <div class="container header__content animated bounceIn">
                <div class="row">
                    <div class="col">
                        <div class="content__welcome">Welcome To Our Studio!</div>
                        <div class="content__title">IT'S NICE TO MEET YOU</div>
                        <a href="#aboutUs" class="content__more">TELL ME MORE</a>
                    </div>
                </div>
            </div>
        </header>
    </div>
    
    <!-- Services -->
    <section class="services" id="services">
        <div class="container">
            <div class="row animatedParent">
                <div class="col animated growIn">
                    <div class="title">SERVICES</div>
                    <div class="titleDesc">Proin iaculis purus consequal sem cure.</div>
                </div>
            </div>
        </div>
        <div class="container">
            <div class="row animatedParent animateOnce" data-sequence='500'>
                <div class="col-md-4 services__item animated growIn" data-id='1'>
                    <img src="dist/img/services_img1.png" class="item__img" alt="services_img1">
                    <div class="item__title">E-Commerce</div>
                    <div class="item__desc">
                        Proin iaculis purus consequat sem cure digni ssim. Donec porttitora entum suscipit aenean rhoncus posuere odio in tincidunt.
                    </div>
                </div>
                <div class="col-md-4 services__item animated growIn" data-id='2'>
                    <img src="dist/img/services_img2.png" class="item__img" alt="services_img2">
                    <div class="item__title">Responsive Web</div>
                    <div class="item__desc">
                        Proin iaculis purus consequat sem cure digni ssim. Donec porttitora entum suscipit aenean rhoncus posuere odio in tincidunt.
                    </div>
                </div>
                <div class="col-md-4 services__item animated growIn" data-id='3'>
                    <img src="dist/img/services_img3.png" class="item__img" alt="services_img3">
                    <div class="item__title">Web Security</div>
                    <div class="item__desc">
                        Proin iaculis purus consequat sem cure digni ssim. Donec porttitora entum suscipit aenean rhoncus posuere odio in tincidunt.
                    </div>
                </div>
            </div>
        </div>
    </section>
    
    <!-- Portfolio -->
    <section class="portfolio" id="portfolio">
        <div class="container">
            <div class="row animatedParent">
                <div class="col animated growIn">
                    <div class="title">OUR PORTFOLIO</div>
                    <div class="titleDesc">Proin iaculis purus consequal sem cure.</div>
                </div>
            </div>
            <div class="row animatedParent animateOnce" data-sequence='500'>
                <div class="col-sm-6 col-md-4 animated growIn" data-id='1'>
                    <a href="404.html" target="_blank" class="work">
                        <div class="work__img"><img src="dist/img/portfolio_img1.jpg" alt="portfolio_img1"></div>
                        <figcaption>
                            <p class="work__desc">Ebony &amp; Lvory</p>
                            <p class="work__type">Branding</p>
                        </figcaption>
                    </a>
                </div>
                <div class="col-sm-6 col-md-4 animated growIn" data-id='2'>
                    <a href="404.html" target="_blank" class="work">
                        <div class="work__img"><img src="dist/img/portfolio_img2.jpg" alt="portfolio_img2"></div>
                        <figcaption>
                            <p class="work__desc">Smart Stationary</p>
                            <p class="work__type">Print Design</p>
                        </figcaption>
                    </a>
                </div>
                <div class="col-sm-6 col-md-4 animated growIn" data-id='3'>
                    <a href="404.html" target="_blank" class="work">
                        <div class="work__img"><img src="dist/img/portfolio_img3.jpg" alt="portfolio_img3"></div>
                        <figcaption>
                            <p class="work__desc">Clever Poster</p>
                            <p class="work__type">Print Design</p>
                        </figcaption>
                    </a>
                </div>
                <div class="col-sm-6 col-md-4 animated growIn" data-id='4'>
                    <a href="404.html" target="_blank" class="work">
                        <div class="work__img"><img src="dist/img/portfolio_img4.jpg" alt="portfolio_img4"></div>
                        <figcaption>
                            <p class="work__desc">Vinyl Record</p>
                            <p class="work__type">Product Mock-Up</p>
                        </figcaption>
                    </a>
                </div>
                <div class="col-sm-6 col-md-4 animated growIn" data-id='5'>
                    <a href="404.html" target="_blank" class="work">
                        <div class="work__img"><img src="dist/img/portfolio_img5.jpg" alt="portfolio_img5"></div>
                        <figcaption>
                            <p class="work__desc">Treehouse Template</p>
                            <p class="work__type">Web Design</p>
                        </figcaption>
                    </a>
                </div>
                <div class="col-sm-6 col-md-4 animated growIn" data-id='6'>
                    <a href="404.html" target="_blank" class="work">
                        <div class="work__img"><img src="dist/img/portfolio_img6.jpg" alt="portfolio_img6"></div>
                        <figcaption>
                            <p class="work__desc">Burned Logo</p>
                            <p class="work__type">Branding</p>
                        </figcaption>
                    </a>
                </div>
            </div>
        </div>
    </section>
    
    <!-- About Us -->
    <section class="aboutUs" id="aboutUs">
        <div class="container">
            <div class="row animatedParent">
                <div class="col animated growIn">
                    <div class="title">ABOUT US</div>
                    <div class="titleDesc">Proin iaculis purus consequal sem cure.</div>
                </div>
            </div>
            <div class="animatedParent animateOnce" data-sequence='500'>
                <div class="row history animated fadeInLeft" data-id='1'>
                   <div class="col-12 history__img--smallDevices">
                        <img src="dist/img/aboutUs_img1.png" class="history__img" alt="">
                    </div>
                    <div class="col-12 col-lg-4 history__right">
                        <h2 class="history__title">July 2010</h2>
                        <h2 class="history__title">Our Humble Beginnings</h2>
                        <p class="history__text">Proin iaculis purus consequat sem cure digni ssim. Donec porttitora entum suscipit aenean rhoncus posuere odio in tincidunt. Proin iaculis purus consequat sem cure digni ssim. Donec porttitora entum suscipit.</p>
                    </div>
                    <div class="col-12 col-lg-4 history__img--bigDevices">
                        <img src="dist/img/aboutUs_img1.png" class="history__img" alt="">
                    </div>
                </div>
                <div class="row history justify-content-end animated fadeInRight" data-id='2'>
                    <div class="col-lg-4">
                        <img src="dist/img/aboutUs_img2.png" class="history__img" alt="">
                    </div>
                    <div class="col-lg-4 history__left">
                        <h2 class="history__title">January 2011</h2>
                        <h2 class="history__title">Facing Startup Battles</h2>
                        <p class="history__text">Proin iaculis purus consequat sem cure digni ssim. Donec porttitora entum suscipit aenean rhoncus posuere odio in tincidunt. Proin iaculis purus consequat sem cure digni ssim. Donec porttitora entum suscipit aenean rhoncus posuere odio in tincidunt.</p>
                    </div>
                </div>
                <div class="row history animated fadeInLeft" data-id='3'>
                   <div class="col-12 history__img--smallDevices">
                        <img src="dist/img/aboutUs_img3.png" class="history__img" alt="">
                    </div>
                    <div class="col-lg-4 history__right">
                        <h2 class="history__title">December 2012</h2>
                        <h2 class="history__title">Enter The Dark Days</h2>
                        <p class="history__text">Proin iaculis purus consequat sem cure digni ssim. Donec porttitora entum suscipit aenean rhoncus posuere odio in tincidunt. Proin iaculis purus consequat sem cure digni.</p>
                    </div>
                    <div class="col-12 col-lg-4 history__img--bigDevices">
                        <img src="dist/img/aboutUs_img3.png" class="history__img" alt="">
                    </div>
                </div>
                <!-- More history -->
                <div class="history--more">
                    <div class="row history justify-content-end animated fadeInRight" data-id='4'>
                    <div class="col-12 col-lg-4">
                        <img src="dist/img/aboutUs_img4.png" class="history__img" alt="">
                    </div>
                    <div class="col-12 col-lg-4 history__left">
                        <h2 class="history__title">February 2014</h2>
                        <h2 class="history__title">Our Triumph</h2>
                        <p class="history__text">Proin iaculis purus consequat sem cure digni ssim. Donec porttitora entum suscipit aenean rhoncus posuere odio in tincidunt. Proin iaculis purus consequat sem cure digni ssim. Donec porttitora entum suscipit aenean.</p>
                    </div>
                </div>
                </div>
                <div class="row history justify-content-center animated fadeInUp" data-id='5'>
                    <div class="col-md-4">
                        <img src="dist/img/aboutUs_img5.png" class="history__img history__img--more" alt="">
                    </div>
                </div>
            </div>
        </div>
    </section>
    
    <!-- Team -->
    <section class="team">
        <div class="container">
            <div class="row animatedParent">
                <div class="col animated growIn">
                    <div class="title">UOR AMAZING TEAM</div>
                    <div class="titleDesc">Proin iaculis purus consequal sem cure.</div>
                </div>
            </div>
            <div class="animatedParent animateOnce" data-sequence='500'>
                <div class="row justify-content-center">
                    <div class="col-sm-6 col-md-4 animated growIn" data-id='1'>
                        <figure class="friend">
                            <div class="friend__img"><img src="dist/img/team_img_1.jpg" alt=""></div>
                            <figcaption>
                                <p class="friend__name">Name Surname</p>
                                <p class="friend__profession">Marketer</p>
                            </figcaption>
                            <div class="friend__socials">
                                <a href="https://twitter.com/" target="_blank" class="social"><i class="fa fa-twitter" aria-hidden="true"></i></a>
                                <a href="https://www.facebook.com/" target="_blank" class="social"><i class="fa fa-facebook" aria-hidden="true"></i></a>
                                <a href="https://www.pinterest.com" target="_blank" class="social"><i class="fa fa-pinterest-p" aria-hidden="true"></i></a>
                            </div>
                        </figure>
                    </div>
                    <div class="col-sm-6 col-md-4 animated growIn" data-id='2'>
                        <figure class="friend">
                            <div class="friend__img"><img src="dist/img/team_img_2.jpg" alt=""></div>
                            <figcaption>
                                <p class="friend__name">Name Surname</p>
                                <p class="friend__profession">Coder</p>
                            </figcaption>
                            <div class="friend__socials">
                                <a href="https://twitter.com/" target="_blank" class="social"><i class="fa fa-twitter" aria-hidden="true"></i></a>
                                <a href="https://www.facebook.com/" target="_blank" class="social"><i class="fa fa-facebook" aria-hidden="true"></i></a>
                                <a href="https://www.pinterest.com" target="_blank" class="social"><i class="fa fa-pinterest-p" aria-hidden="true"></i></a>
                            </div>
                        </figure>
                    </div>
                    <div class="col-sm-6 col-md-4 animated growIn" data-id='3'>
                        <figure class="friend">
                            <div class="friend__img"><img src="dist/img/team_img_3.jpg" alt=""></div>
                            <figcaption>
                                <p class="friend__name">Name Surname</p>
                                <p class="friend__profession">Graphic Designer</p>
                            </figcaption>
                            <div class="friend__socials">
                                <a href="https://twitter.com/" target="_blank" class="social"><i class="fa fa-twitter" aria-hidden="true"></i></a>
                                <a href="https://www.facebook.com/" target="_blank" class="social"><i class="fa fa-facebook" aria-hidden="true"></i></a>
                                <a href="https://www.pinterest.com" target="_blank" class="social"><i class="fa fa-pinterest-p" aria-hidden="true"></i></a>
                            </div>
                        </figure>
                    </div>
                </div>
                <div class="row justify-content-center animated growIn" data-id='4'>
                    <div class="col-12 col-lg-8">
                        <div class="team__desc">
                            Lorem ipsum dolor sit amet, consectetur adipisicing elit. Quos aliquid deleniti, nihil explicabo. Voluptate unde, tempora, veniam mollitia debitis cupiditate tenetur illum incidunt est officiis adipisci rerum deserunt fugiat. Laboriosam!
                        </div>
                    </div>
                </div>
            </div>
        </div>
    </section>
    
    <!-- Logos -->
    <section class="logos">
        <div class="container">
            <div class="row justify-content-center">
                <div class="col-auto">
                    <img src="dist/img/logos_img1.jpg" class="logo" alt="logos_img1">
                </div>
                <div class="col-auto">
                    <img src="dist/img/logos_img2.jpg" class="logo" alt="logos_img2">
                </div>
                <div class="col-auto">
                    <img src="dist/img/logos_img3.jpg" class="logo" alt="logos_img3">
                </div>
                <div class="col-auto">
                    <img src="dist/img/logos_img4.jpg" class="logo" alt="logos_img4">
                </div>
            </div>
        </div>
    </section>
    
    <!-- Contact Us -->
    <section class="contactUs" id="contactUs">
        <div class="container">
            <div class="row animatedParent">
                <div class="col animated growIn">
                    <div class="title title--white">CONTACT US</div>
                    <div class="titleDesc">Proin iaculis purus consequal sem cure.</div>
                </div>
            </div>
        </div>
        <form class="form">
            <div class="container">
                <div class="row">
                    <div class="col-md-6">
                         <div class="form-group">
                            <input type="text" name="name" class="form-control" placeholder="YOUR NAME *">
                          </div>
                          <div class="form-group">
                            <input type="text" name="email" class="form-control" placeholder="YOUR E-MAIL *">
                          </div>
                          <div class="form-group">
                            <input type="text" name="subject" class="form-control" placeholder="SUBJECT">
                          </div>
                    </div>
                    <div class="col-md-6">
                        <textarea name="message" class="form-control" placeholder="MESSAGE"></textarea>
                    </div>
                </div>
                <div class="row">
                    <div class="col">
                        <button type="button" class="btn btn-warning">SEND MESSAGE</button>
                    </div>
                </div>
            </div>
        </form>
    </section>
    
    <!-- Footer -->
    <footer class="footer">
        <div class="container">
            <div class="row align-items-center">
                <div class="col-md-6">
                    <p>Copyright 2017 FreebiesXpress.com</p>
                </div>
                <div class="col-md-6">
                    <div class="sociales">
                        <div class="social"><i class="fa fa-twitter" aria-hidden="true"></i></div>
                        <div class="social"><i class="fa fa-facebook" aria-hidden="true"></i></div>
                        <div class="social"><i class="fa fa-pinterest-p" aria-hidden="true"></i></div>
                        <div class="social"><i class="fa fa-glide-g" aria-hidden="true"></i></div>
                    </div>
                </div>
            </div>
        </div>
    </footer>
    
    <!-- To Up -->
    <nav class="toUp">
        <a href="#home">
            <i class="fa fa-chevron-up" aria-hidden="true"></i>
        </a>
    </nav>
    
    <script src="dist/libs/jquery/jquery.min.js"></script>
    <script src="dist/libs/bootstrap/bootstrap.min.js"></script>
    <script src="dist/js/css3-animate-it.min.js"></script>
    <script src="dist/js/main.min.js"></script>
</body>
</html>