	--- Start project for developer ---

gulp 
gulp watch