{
  "name": "golden",
  "version": "1.0.0",
  "description": "",
  "main": "index.js",
  "scripts": {
    "test": "echo \"Error: no test specified\" && exit 1"
  },
  "author": "",
  "license": "ISC",
  "devDependencies": {
    "babel-core": "^6.26.0",
    "babel-preset-env": "^1.6.1",
    "bootstrap": "^4.0.0-alpha.6",
    "font-awesome": "^4.7.0",
    "gulp": "^3.9.1",
    "gulp-babel": "^7.0.0",
    "gulp-cache": "^1.0.1",
    "gulp-clean": "^0.3.2",
    "gulp-concat": "^2.6.1",
    "gulp-imagemin": "^4.0.0",
    "gulp-minify-css": "^1.2.4",
    "gulp-rename": "^1.2.2",
    "gulp-sass": "^3.1.0",
    "gulp-sourcemaps": "^2.6.1",
    "gulp-uglyfly": "^1.4.2",
    "jquery": "^3.2.1",
    "through2": "^2.0.3"
  }
}
